// Jest Snapshot v1, https://goo.gl/fbAQLP

exports[`Header Tests should match snapshot 1`] = `
<div
  className="header"
>
  <span>
    Welcome to 
    test app
  </span>
</div>
`;
