// Jest Snapshot v1, https://goo.gl/fbAQLP

exports[`UniversityView Tests should match snapshot 1`] = `
<div>
  No data found
</div>
`;
