// Jest Snapshot v1, https://goo.gl/fbAQLP

exports[`PageNotFound Tests should match snapshot 1`] = `
<div
  className="section"
>
  <div
    className="alignCenter"
  >
    Page Not Found
  </div>
</div>
`;
