// Jest Snapshot v1, https://goo.gl/fbAQLP

exports[`UniversityWrapper Tests should match snapshot 1`] = `
<div
  className="section"
>
  <div>
    Loading...
  </div>
</div>
`;
